<?xml version="1.0" encoding="UTF-8"?>
<TestRun id="b1ea8796-7fc7-4fdc-82c4-4adfa1ae0356" name="Vladimir@VLADIMIR-PC 2016-12-23 15:21:06" runUser="Vladimir-PC\Vladimir" xmlns="http://microsoft.com/schemas/VisualStudio/TeamTest/2010">
  <TestSettings name="Локальные" id="2d257222-2a9f-40e2-bef8-b16aafb5583c">
    <Description>Это - параметры по умолчанию для локального тестового запуска.</Description>
    <Deployment enabled="false" runDeploymentRoot="Vladimir_VLADIMIR-PC 2016-12-23 15_21_06">
      <DeploymentItem filename="C:\Users\Vladimir\Desktop\БАРКОВ\Новая папка\CryptoLibrary\CryptoLibrary\bin\Debug\CryptoLibrary.dll" />
    </Deployment>
    <Execution>
      <TestTypeSpecific />
      <AgentRule name="Execution Agents">
      </AgentRule>
    </Execution>
  </TestSettings>
  <Times creation="2016-12-23T15:21:06.3569799+03:00" queuing="2016-12-23T15:21:08.2010853+03:00" start="2016-12-23T15:21:08.2380874+03:00" finish="2016-12-23T15:21:08.6611116+03:00" />
  <ResultSummary outcome="Completed">
    <Counters total="8" executed="8" passed="8" error="0" failed="0" timeout="0" aborted="0" inconclusive="0" passedButRunAborted="0" notRunnable="0" notExecuted="0" disconnected="0" warning="0" completed="0" inProgress="0" pending="0" />
  </ResultSummary>
  <TestDefinitions>
    <UnitTest name="EncryptDecryptShortStringElGamal" storage="c:\users\vladimir\desktop\барков\новая папка\cryptolibrary\cryptolibrary.tests\bin\debug\cryptolibrary.md5test.dll" id="302c72cd-3cc0-89f7-058d-c9f35f2c78cb">
      <Execution id="969c5fb9-a2ec-4bfb-962e-830060321db4" />
      <TestMethod codeBase="C:/Users/Vladimir/Desktop/БАРКОВ/Новая папка/CryptoLibrary/CryptoLibrary.Tests/bin/Debug/CryptoLibrary.MD5Test.DLL" adapterTypeName="Microsoft.VisualStudio.TestTools.TestTypes.Unit.UnitTestAdapter, Microsoft.VisualStudio.QualityTools.Tips.UnitTest.Adapter, Version=10.0.0.0, Culture=neutral, PublicKeyToken=b03f5f7f11d50a3a" className="CryptoLibrary.MD5Test.ElGamalTest, CryptoLibrary.MD5Test, Version=1.0.0.0, Culture=neutral, PublicKeyToken=null" name="EncryptDecryptShortStringElGamal" />
    </UnitTest>
    <UnitTest name="HashMD5Long" storage="c:\users\vladimir\desktop\барков\новая папка\cryptolibrary\cryptolibrary.tests\bin\debug\cryptolibrary.md5test.dll" id="6d77f90f-6d5b-09a5-384b-78976cc8deec">
      <Execution id="85cab483-729f-4c7e-b1f8-c2794ceca3f2" />
      <TestMethod codeBase="C:/Users/Vladimir/Desktop/БАРКОВ/Новая папка/CryptoLibrary/CryptoLibrary.Tests/bin/Debug/CryptoLibrary.MD5Test.DLL" adapterTypeName="Microsoft.VisualStudio.TestTools.TestTypes.Unit.UnitTestAdapter, Microsoft.VisualStudio.QualityTools.Tips.UnitTest.Adapter, Version=10.0.0.0, Culture=neutral, PublicKeyToken=b03f5f7f11d50a3a" className="CryptoLibrary.Tests.MD5Test, CryptoLibrary.MD5Test, Version=1.0.0.0, Culture=neutral, PublicKeyToken=null" name="HashMD5Long" />
    </UnitTest>
    <UnitTest name="EncryptDecryptDifferentLength" storage="c:\users\vladimir\desktop\барков\новая папка\cryptolibrary\cryptolibrary.tests\bin\debug\cryptolibrary.md5test.dll" id="f3f80de4-0bd1-8fa8-1b74-56d6f8ec74e0">
      <Execution id="6bed7c50-453d-4ad8-9364-c169d4d1e751" />
      <TestMethod codeBase="C:/Users/Vladimir/Desktop/БАРКОВ/Новая папка/CryptoLibrary/CryptoLibrary.Tests/bin/Debug/CryptoLibrary.MD5Test.DLL" adapterTypeName="Microsoft.VisualStudio.TestTools.TestTypes.Unit.UnitTestAdapter, Microsoft.VisualStudio.QualityTools.Tips.UnitTest.Adapter, Version=10.0.0.0, Culture=neutral, PublicKeyToken=b03f5f7f11d50a3a" className="CryptoLibrary.MD5Test.GhostTest, CryptoLibrary.MD5Test, Version=1.0.0.0, Culture=neutral, PublicKeyToken=null" name="EncryptDecryptDifferentLength" />
    </UnitTest>
    <UnitTest name="EncryptDecryptEqualsElGamal" storage="c:\users\vladimir\desktop\барков\новая папка\cryptolibrary\cryptolibrary.tests\bin\debug\cryptolibrary.md5test.dll" id="08dc326f-08f9-b97f-4a06-d92747abf8ba">
      <Execution id="97d54dee-3277-4972-8b5a-0651a7dc0e3e" />
      <TestMethod codeBase="C:/Users/Vladimir/Desktop/БАРКОВ/Новая папка/CryptoLibrary/CryptoLibrary.Tests/bin/Debug/CryptoLibrary.MD5Test.DLL" adapterTypeName="Microsoft.VisualStudio.TestTools.TestTypes.Unit.UnitTestAdapter, Microsoft.VisualStudio.QualityTools.Tips.UnitTest.Adapter, Version=10.0.0.0, Culture=neutral, PublicKeyToken=b03f5f7f11d50a3a" className="CryptoLibrary.MD5Test.ElGamalTest, CryptoLibrary.MD5Test, Version=1.0.0.0, Culture=neutral, PublicKeyToken=null" name="EncryptDecryptEqualsElGamal" />
    </UnitTest>
    <UnitTest name="EncryptDecriptEquals" storage="c:\users\vladimir\desktop\барков\новая папка\cryptolibrary\cryptolibrary.tests\bin\debug\cryptolibrary.md5test.dll" id="d063c4ea-1c4e-ab06-4fee-34d4fc56fbd4">
      <Execution id="fea0f6d2-cd55-46c6-8563-b7dbc0900fcb" />
      <TestMethod codeBase="C:/Users/Vladimir/Desktop/БАРКОВ/Новая папка/CryptoLibrary/CryptoLibrary.Tests/bin/Debug/CryptoLibrary.MD5Test.DLL" adapterTypeName="Microsoft.VisualStudio.TestTools.TestTypes.Unit.UnitTestAdapter, Microsoft.VisualStudio.QualityTools.Tips.UnitTest.Adapter, Version=10.0.0.0, Culture=neutral, PublicKeyToken=b03f5f7f11d50a3a" className="CryptoLibrary.MD5Test.GhostTest, CryptoLibrary.MD5Test, Version=1.0.0.0, Culture=neutral, PublicKeyToken=null" name="EncryptDecriptEquals" />
    </UnitTest>
    <UnitTest name="HashMD5Small" storage="c:\users\vladimir\desktop\барков\новая папка\cryptolibrary\cryptolibrary.tests\bin\debug\cryptolibrary.md5test.dll" id="bf0a21af-dc4a-fe88-e0fc-7b0bb7b13040">
      <Execution id="b16e4bbe-cf60-4288-a80d-f584e4b52e11" />
      <TestMethod codeBase="C:/Users/Vladimir/Desktop/БАРКОВ/Новая папка/CryptoLibrary/CryptoLibrary.Tests/bin/Debug/CryptoLibrary.MD5Test.DLL" adapterTypeName="Microsoft.VisualStudio.TestTools.TestTypes.Unit.UnitTestAdapter, Microsoft.VisualStudio.QualityTools.Tips.UnitTest.Adapter, Version=10.0.0.0, Culture=neutral, PublicKeyToken=b03f5f7f11d50a3a" className="CryptoLibrary.Tests.MD5Test, CryptoLibrary.MD5Test, Version=1.0.0.0, Culture=neutral, PublicKeyToken=null" name="HashMD5Small" />
    </UnitTest>
    <UnitTest name="SignAndVerify" storage="c:\users\vladimir\desktop\барков\новая папка\cryptolibrary\cryptolibrary.tests\bin\debug\cryptolibrary.md5test.dll" id="abdf9a48-236e-e707-76f2-28f2e1ce518a">
      <Execution id="e9fce5aa-e4ff-4bf2-b8d8-1ffa655520f4" />
      <TestMethod codeBase="C:/Users/Vladimir/Desktop/БАРКОВ/Новая папка/CryptoLibrary/CryptoLibrary.Tests/bin/Debug/CryptoLibrary.MD5Test.DLL" adapterTypeName="Microsoft.VisualStudio.TestTools.TestTypes.Unit.UnitTestAdapter, Microsoft.VisualStudio.QualityTools.Tips.UnitTest.Adapter, Version=10.0.0.0, Culture=neutral, PublicKeyToken=b03f5f7f11d50a3a" className="RSATest.RSATest, CryptoLibrary.MD5Test, Version=1.0.0.0, Culture=neutral, PublicKeyToken=null" name="SignAndVerify" />
    </UnitTest>
    <UnitTest name="EncryptDecryptLongStringElGamal" storage="c:\users\vladimir\desktop\барков\новая папка\cryptolibrary\cryptolibrary.tests\bin\debug\cryptolibrary.md5test.dll" id="2f538d63-45cb-cccd-62e4-d2b6b3a05e9a">
      <Execution id="b6670b71-c8cb-4336-a4ef-ab729a15fe3f" />
      <TestMethod codeBase="C:/Users/Vladimir/Desktop/БАРКОВ/Новая папка/CryptoLibrary/CryptoLibrary.Tests/bin/Debug/CryptoLibrary.MD5Test.DLL" adapterTypeName="Microsoft.VisualStudio.TestTools.TestTypes.Unit.UnitTestAdapter, Microsoft.VisualStudio.QualityTools.Tips.UnitTest.Adapter, Version=10.0.0.0, Culture=neutral, PublicKeyToken=b03f5f7f11d50a3a" className="CryptoLibrary.MD5Test.ElGamalTest, CryptoLibrary.MD5Test, Version=1.0.0.0, Culture=neutral, PublicKeyToken=null" name="EncryptDecryptLongStringElGamal" />
    </UnitTest>
  </TestDefinitions>
  <TestLists>
    <TestList name="Отсутствующие в списке результаты" id="8c84fa94-04c1-424b-9868-57a2d4851a1d" />
    <TestList name="Все загруженные результаты" id="19431567-8539-422a-85d7-44ee4e166bda" />
  </TestLists>
  <TestEntries>
    <TestEntry testId="08dc326f-08f9-b97f-4a06-d92747abf8ba" executionId="97d54dee-3277-4972-8b5a-0651a7dc0e3e" testListId="8c84fa94-04c1-424b-9868-57a2d4851a1d" />
    <TestEntry testId="2f538d63-45cb-cccd-62e4-d2b6b3a05e9a" executionId="b6670b71-c8cb-4336-a4ef-ab729a15fe3f" testListId="8c84fa94-04c1-424b-9868-57a2d4851a1d" />
    <TestEntry testId="302c72cd-3cc0-89f7-058d-c9f35f2c78cb" executionId="969c5fb9-a2ec-4bfb-962e-830060321db4" testListId="8c84fa94-04c1-424b-9868-57a2d4851a1d" />
    <TestEntry testId="6d77f90f-6d5b-09a5-384b-78976cc8deec" executionId="85cab483-729f-4c7e-b1f8-c2794ceca3f2" testListId="8c84fa94-04c1-424b-9868-57a2d4851a1d" />
    <TestEntry testId="abdf9a48-236e-e707-76f2-28f2e1ce518a" executionId="e9fce5aa-e4ff-4bf2-b8d8-1ffa655520f4" testListId="8c84fa94-04c1-424b-9868-57a2d4851a1d" />
    <TestEntry testId="bf0a21af-dc4a-fe88-e0fc-7b0bb7b13040" executionId="b16e4bbe-cf60-4288-a80d-f584e4b52e11" testListId="8c84fa94-04c1-424b-9868-57a2d4851a1d" />
    <TestEntry testId="d063c4ea-1c4e-ab06-4fee-34d4fc56fbd4" executionId="fea0f6d2-cd55-46c6-8563-b7dbc0900fcb" testListId="8c84fa94-04c1-424b-9868-57a2d4851a1d" />
    <TestEntry testId="f3f80de4-0bd1-8fa8-1b74-56d6f8ec74e0" executionId="6bed7c50-453d-4ad8-9364-c169d4d1e751" testListId="8c84fa94-04c1-424b-9868-57a2d4851a1d" />
  </TestEntries>
  <Results>
    <UnitTestResult executionId="97d54dee-3277-4972-8b5a-0651a7dc0e3e" testId="08dc326f-08f9-b97f-4a06-d92747abf8ba" testName="EncryptDecryptEqualsElGamal" computerName="VLADIMIR-PC" duration="00:00:00.0153348" startTime="2016-12-23T15:21:08.2590887+03:00" endTime="2016-12-23T15:21:08.6121088+03:00" testType="13cdc9d9-ddb5-4fa4-a97d-d965ccfc6d4b" outcome="Passed" testListId="8c84fa94-04c1-424b-9868-57a2d4851a1d" relativeResultsDirectory="97d54dee-3277-4972-8b5a-0651a7dc0e3e">
    </UnitTestResult>
    <UnitTestResult executionId="b6670b71-c8cb-4336-a4ef-ab729a15fe3f" testId="2f538d63-45cb-cccd-62e4-d2b6b3a05e9a" testName="EncryptDecryptLongStringElGamal" computerName="VLADIMIR-PC" duration="00:00:00.0013161" startTime="2016-12-23T15:21:08.6131089+03:00" endTime="2016-12-23T15:21:08.6161091+03:00" testType="13cdc9d9-ddb5-4fa4-a97d-d965ccfc6d4b" outcome="Passed" testListId="8c84fa94-04c1-424b-9868-57a2d4851a1d" relativeResultsDirectory="b6670b71-c8cb-4336-a4ef-ab729a15fe3f">
    </UnitTestResult>
    <UnitTestResult executionId="969c5fb9-a2ec-4bfb-962e-830060321db4" testId="302c72cd-3cc0-89f7-058d-c9f35f2c78cb" testName="EncryptDecryptShortStringElGamal" computerName="VLADIMIR-PC" duration="00:00:00.0004931" startTime="2016-12-23T15:21:08.6171091+03:00" endTime="2016-12-23T15:21:08.6201093+03:00" testType="13cdc9d9-ddb5-4fa4-a97d-d965ccfc6d4b" outcome="Passed" testListId="8c84fa94-04c1-424b-9868-57a2d4851a1d" relativeResultsDirectory="969c5fb9-a2ec-4bfb-962e-830060321db4">
    </UnitTestResult>
    <UnitTestResult executionId="85cab483-729f-4c7e-b1f8-c2794ceca3f2" testId="6d77f90f-6d5b-09a5-384b-78976cc8deec" testName="HashMD5Long" computerName="VLADIMIR-PC" duration="00:00:00.0025041" startTime="2016-12-23T15:21:08.6211094+03:00" endTime="2016-12-23T15:21:08.6271097+03:00" testType="13cdc9d9-ddb5-4fa4-a97d-d965ccfc6d4b" outcome="Passed" testListId="8c84fa94-04c1-424b-9868-57a2d4851a1d" relativeResultsDirectory="85cab483-729f-4c7e-b1f8-c2794ceca3f2">
    </UnitTestResult>
    <UnitTestResult executionId="e9fce5aa-e4ff-4bf2-b8d8-1ffa655520f4" testId="abdf9a48-236e-e707-76f2-28f2e1ce518a" testName="SignAndVerify" computerName="VLADIMIR-PC" duration="00:00:00.0053498" startTime="2016-12-23T15:21:08.6291098+03:00" endTime="2016-12-23T15:21:08.6361102+03:00" testType="13cdc9d9-ddb5-4fa4-a97d-d965ccfc6d4b" outcome="Passed" testListId="8c84fa94-04c1-424b-9868-57a2d4851a1d" relativeResultsDirectory="e9fce5aa-e4ff-4bf2-b8d8-1ffa655520f4">
    </UnitTestResult>
    <UnitTestResult executionId="b16e4bbe-cf60-4288-a80d-f584e4b52e11" testId="bf0a21af-dc4a-fe88-e0fc-7b0bb7b13040" testName="HashMD5Small" computerName="VLADIMIR-PC" duration="00:00:00.0003012" startTime="2016-12-23T15:21:08.6371103+03:00" endTime="2016-12-23T15:21:08.6401104+03:00" testType="13cdc9d9-ddb5-4fa4-a97d-d965ccfc6d4b" outcome="Passed" testListId="8c84fa94-04c1-424b-9868-57a2d4851a1d" relativeResultsDirectory="b16e4bbe-cf60-4288-a80d-f584e4b52e11">
    </UnitTestResult>
    <UnitTestResult executionId="fea0f6d2-cd55-46c6-8563-b7dbc0900fcb" testId="d063c4ea-1c4e-ab06-4fee-34d4fc56fbd4" testName="EncryptDecriptEquals" computerName="VLADIMIR-PC" duration="00:00:00.0022210" startTime="2016-12-23T15:21:08.6421106+03:00" endTime="2016-12-23T15:21:08.6471108+03:00" testType="13cdc9d9-ddb5-4fa4-a97d-d965ccfc6d4b" outcome="Passed" testListId="8c84fa94-04c1-424b-9868-57a2d4851a1d" relativeResultsDirectory="fea0f6d2-cd55-46c6-8563-b7dbc0900fcb">
    </UnitTestResult>
    <UnitTestResult executionId="6bed7c50-453d-4ad8-9364-c169d4d1e751" testId="f3f80de4-0bd1-8fa8-1b74-56d6f8ec74e0" testName="EncryptDecryptDifferentLength" computerName="VLADIMIR-PC" duration="00:00:00.0005276" startTime="2016-12-23T15:21:08.6481109+03:00" endTime="2016-12-23T15:21:08.6501110+03:00" testType="13cdc9d9-ddb5-4fa4-a97d-d965ccfc6d4b" outcome="Passed" testListId="8c84fa94-04c1-424b-9868-57a2d4851a1d" relativeResultsDirectory="6bed7c50-453d-4ad8-9364-c169d4d1e751">
    </UnitTestResult>
  </Results>
</TestRun>